<?xml version="1.0" encoding="utf-8"?>
<TestRun id="786670f7-c939-4dbc-8ad0-f1f762016d12" name="@runnervm6qbrg 2025-12-17 20:43:56" xmlns="http://microsoft.com/schemas/VisualStudio/TeamTest/2010">
  <Times creation="2025-12-17T20:43:56.2812330+00:00" queuing="2025-12-17T20:43:56.2812331+00:00" start="2025-12-17T20:43:54.6087004+00:00" finish="2025-12-17T20:43:56.2890904+00:00" />
  <TestSettings name="default" id="3e8cc22e-35d6-4b93-ab81-acfe5b1d8cd3">
    <Deployment runDeploymentRoot="_runnervm6qbrg_2025-12-17_20_43_56" />
  </TestSettings>
  <Results>
    <UnitTestResult executionId="4fda8951-9601-4e8e-90fe-930c9a2d81a6" testId="945bf2e2-03cd-925c-ca28-63fb018743e8" testName="Planner_ListMultiple_ShouldWork" computerName="runnervm6qbrg" duration="00:00:00.0082290" startTime="2025-12-17T20:43:56.0051732+00:00" endTime="2025-12-17T20:43:56.0134027+00:00" testType="13cdc9d9-ddb5-4fa4-a97d-d965ccfc6d4b" outcome="NotExecuted" testListId="8c84fa94-04c1-424b-9868-57a2d4851a1d" relativeResultsDirectory="4fda8951-9601-4e8e-90fe-930c9a2d81a6">
      <Output>
        <StdOut>OneTimeSetUp: Orleans serialization configuration pending</StdOut>
        <ErrorInfo>
          <Message>OneTimeSetUp: Orleans serialization configuration pending</Message>
        </ErrorInfo>
      </Output>
    </UnitTestResult>
    <UnitTestResult executionId="1c1d2095-2cf5-4668-8906-0e01535119df" testId="f7deaea5-9cb9-f53d-403d-53f90e6c276f" testName="Plant_AddUpdateDelete_ShouldWork" computerName="runnervm6qbrg" duration="00:00:00.0082460" startTime="2025-12-17T20:43:56.0051732+00:00" endTime="2025-12-17T20:43:56.0134190+00:00" testType="13cdc9d9-ddb5-4fa4-a97d-d965ccfc6d4b" outcome="NotExecuted" testListId="8c84fa94-04c1-424b-9868-57a2d4851a1d" relativeResultsDirectory="1c1d2095-2cf5-4668-8906-0e01535119df">
      <Output>
        <StdOut>OneTimeSetUp: Orleans serialization configuration pending</StdOut>
        <ErrorInfo>
          <Message>OneTimeSetUp: Orleans serialization configuration pending</Message>
        </ErrorInfo>
      </Output>
    </UnitTestResult>
    <UnitTestResult executionId="99307523-61a7-4df8-bb32-5811772160b9" testId="9c1eacdf-dbc1-3677-e8e7-1f178547bfe5" testName="Planter_ConcurrentAdd_ShouldHandleGracefully" computerName="runnervm6qbrg" duration="00:00:00.0082490" startTime="2025-12-17T20:43:56.0051732+00:00" endTime="2025-12-17T20:43:56.0134223+00:00" testType="13cdc9d9-ddb5-4fa4-a97d-d965ccfc6d4b" outcome="NotExecuted" testListId="8c84fa94-04c1-424b-9868-57a2d4851a1d" relativeResultsDirectory="99307523-61a7-4df8-bb32-5811772160b9">
      <Output>
        <StdOut>OneTimeSetUp: Orleans serialization configuration pending</StdOut>
        <ErrorInfo>
          <Message>OneTimeSetUp: Orleans serialization configuration pending</Message>
        </ErrorInfo>
      </Output>
    </UnitTestResult>
    <UnitTestResult executionId="8d076730-9199-4534-9ae4-103cadd84fa6" testId="ea6fc18f-96be-12ac-242d-a5a379adbf45" testName="Plan_PersistAcrossOperations_ShouldMaintainState" computerName="runnervm6qbrg" duration="00:00:00.0000370" startTime="2025-12-17T20:43:56.0158705+00:00" endTime="2025-12-17T20:43:56.0159080+00:00" testType="13cdc9d9-ddb5-4fa4-a97d-d965ccfc6d4b" outcome="NotExecuted" testListId="8c84fa94-04c1-424b-9868-57a2d4851a1d" relativeResultsDirectory="8d076730-9199-4534-9ae4-103cadd84fa6">
      <Output>
        <StdOut>OneTimeSetUp: Orleans serialization configuration pending</StdOut>
        <ErrorInfo>
          <Message>OneTimeSetUp: Orleans serialization configuration pending</Message>
        </ErrorInfo>
      </Output>
    </UnitTestResult>
    <UnitTestResult executionId="ae107f11-7c84-48cf-a6c7-693e5ad2f9d7" testId="4003fda0-16a0-fe17-ea10-5aee93013016" testName="MultipleRepositories_ShouldWorkIndependently" computerName="runnervm6qbrg" duration="00:00:00.0000349" startTime="2025-12-17T20:43:56.0158705+00:00" endTime="2025-12-17T20:43:56.0159051+00:00" testType="13cdc9d9-ddb5-4fa4-a97d-d965ccfc6d4b" outcome="NotExecuted" testListId="8c84fa94-04c1-424b-9868-57a2d4851a1d" relativeResultsDirectory="ae107f11-7c84-48cf-a6c7-693e5ad2f9d7">
      <Output>
        <StdOut>OneTimeSetUp: Orleans serialization configuration pending</StdOut>
        <ErrorInfo>
          <Message>OneTimeSetUp: Orleans serialization configuration pending</Message>
        </ErrorInfo>
      </Output>
    </UnitTestResult>
    <UnitTestResult executionId="e67df8e6-994a-44a4-81e1-1597ed2122d6" testId="bef012d5-9962-7718-c8c0-2237a1f67e14" testName="GrainActivation_ShouldHandleStateCorrectly" computerName="runnervm6qbrg" duration="00:00:00.0000300" startTime="2025-12-17T20:43:56.0158705+00:00" endTime="2025-12-17T20:43:56.0159006+00:00" testType="13cdc9d9-ddb5-4fa4-a97d-d965ccfc6d4b" outcome="NotExecuted" testListId="8c84fa94-04c1-424b-9868-57a2d4851a1d" relativeResultsDirectory="e67df8e6-994a-44a4-81e1-1597ed2122d6">
      <Output>
        <StdOut>OneTimeSetUp: Orleans serialization configuration pending</StdOut>
        <ErrorInfo>
          <Message>OneTimeSetUp: Orleans serialization configuration pending</Message>
        </ErrorInfo>
      </Output>
    </UnitTestResult>
    <UnitTestResult executionId="093f679f-9739-4059-b790-c98720791cca" testId="adad3679-291a-e939-998c-b6ce3312e4ea" testName="Plant_UpdateMultipleTimes_ShouldReflectLatestState" computerName="runnervm6qbrg" duration="00:00:00.0000400" startTime="2025-12-17T20:43:56.0158705+00:00" endTime="2025-12-17T20:43:56.0159107+00:00" testType="13cdc9d9-ddb5-4fa4-a97d-d965ccfc6d4b" outcome="NotExecuted" testListId="8c84fa94-04c1-424b-9868-57a2d4851a1d" relativeResultsDirectory="093f679f-9739-4059-b790-c98720791cca">
      <Output>
        <StdOut>OneTimeSetUp: Orleans serialization configuration pending</StdOut>
        <ErrorInfo>
          <Message>OneTimeSetUp: Orleans serialization configuration pending</Message>
        </ErrorInfo>
      </Output>
    </UnitTestResult>
    <UnitTestResult executionId="4da54b47-fc11-4861-ab4d-d20ffd914a7a" testId="922f6173-380f-221b-512d-e4a71011b52d" testName="Plan_AddAndRetrieve_ShouldWork" computerName="runnervm6qbrg" duration="00:00:00.0075110" startTime="2025-12-17T20:43:56.0051732+00:00" endTime="2025-12-17T20:43:56.0126050+00:00" testType="13cdc9d9-ddb5-4fa4-a97d-d965ccfc6d4b" outcome="NotExecuted" testListId="8c84fa94-04c1-424b-9868-57a2d4851a1d" relativeResultsDirectory="4da54b47-fc11-4861-ab4d-d20ffd914a7a">
      <Output>
        <StdOut>OneTimeSetUp: Orleans serialization configuration pending</StdOut>
        <ErrorInfo>
          <Message>OneTimeSetUp: Orleans serialization configuration pending</Message>
        </ErrorInfo>
      </Output>
    </UnitTestResult>
  </Results>
  <TestDefinitions>
    <UnitTest name="Plant_UpdateMultipleTimes_ShouldReflectLatestState" storage="/home/runner/work/git-forest/git-forest/tests/gitforest.infrastructure.distributed.integrationtests/bin/release/net10.0/gitforest.infrastructure.distributed.integrationtests.dll" id="adad3679-291a-e939-998c-b6ce3312e4ea">
      <Execution id="093f679f-9739-4059-b790-c98720791cca" />
      <TestMethod codeBase="/home/runner/work/git-forest/git-forest/tests/GitForest.Infrastructure.Distributed.IntegrationTests/bin/Release/net10.0/GitForest.Infrastructure.Distributed.IntegrationTests.dll" adapterTypeName="executor://nunit3testexecutor/" className="GitForest.Infrastructure.Distributed.IntegrationTests.OrleansRepositoryProdTests" name="Plant_UpdateMultipleTimes_ShouldReflectLatestState" />
    </UnitTest>
    <UnitTest name="Planter_ConcurrentAdd_ShouldHandleGracefully" storage="/home/runner/work/git-forest/git-forest/tests/gitforest.infrastructure.distributed.integrationtests/bin/release/net10.0/gitforest.infrastructure.distributed.integrationtests.dll" id="9c1eacdf-dbc1-3677-e8e7-1f178547bfe5">
      <Execution id="99307523-61a7-4df8-bb32-5811772160b9" />
      <TestMethod codeBase="/home/runner/work/git-forest/git-forest/tests/GitForest.Infrastructure.Distributed.IntegrationTests/bin/Release/net10.0/GitForest.Infrastructure.Distributed.IntegrationTests.dll" adapterTypeName="executor://nunit3testexecutor/" className="GitForest.Infrastructure.Distributed.IntegrationTests.OrleansRepositoryDevTests" name="Planter_ConcurrentAdd_ShouldHandleGracefully" />
    </UnitTest>
    <UnitTest name="Plan_PersistAcrossOperations_ShouldMaintainState" storage="/home/runner/work/git-forest/git-forest/tests/gitforest.infrastructure.distributed.integrationtests/bin/release/net10.0/gitforest.infrastructure.distributed.integrationtests.dll" id="ea6fc18f-96be-12ac-242d-a5a379adbf45">
      <Execution id="8d076730-9199-4534-9ae4-103cadd84fa6" />
      <TestMethod codeBase="/home/runner/work/git-forest/git-forest/tests/GitForest.Infrastructure.Distributed.IntegrationTests/bin/Release/net10.0/GitForest.Infrastructure.Distributed.IntegrationTests.dll" adapterTypeName="executor://nunit3testexecutor/" className="GitForest.Infrastructure.Distributed.IntegrationTests.OrleansRepositoryProdTests" name="Plan_PersistAcrossOperations_ShouldMaintainState" />
    </UnitTest>
    <UnitTest name="MultipleRepositories_ShouldWorkIndependently" storage="/home/runner/work/git-forest/git-forest/tests/gitforest.infrastructure.distributed.integrationtests/bin/release/net10.0/gitforest.infrastructure.distributed.integrationtests.dll" id="4003fda0-16a0-fe17-ea10-5aee93013016">
      <Execution id="ae107f11-7c84-48cf-a6c7-693e5ad2f9d7" />
      <TestMethod codeBase="/home/runner/work/git-forest/git-forest/tests/GitForest.Infrastructure.Distributed.IntegrationTests/bin/Release/net10.0/GitForest.Infrastructure.Distributed.IntegrationTests.dll" adapterTypeName="executor://nunit3testexecutor/" className="GitForest.Infrastructure.Distributed.IntegrationTests.OrleansRepositoryProdTests" name="MultipleRepositories_ShouldWorkIndependently" />
    </UnitTest>
    <UnitTest name="GrainActivation_ShouldHandleStateCorrectly" storage="/home/runner/work/git-forest/git-forest/tests/gitforest.infrastructure.distributed.integrationtests/bin/release/net10.0/gitforest.infrastructure.distributed.integrationtests.dll" id="bef012d5-9962-7718-c8c0-2237a1f67e14">
      <Execution id="e67df8e6-994a-44a4-81e1-1597ed2122d6" />
      <TestMethod codeBase="/home/runner/work/git-forest/git-forest/tests/GitForest.Infrastructure.Distributed.IntegrationTests/bin/Release/net10.0/GitForest.Infrastructure.Distributed.IntegrationTests.dll" adapterTypeName="executor://nunit3testexecutor/" className="GitForest.Infrastructure.Distributed.IntegrationTests.OrleansRepositoryProdTests" name="GrainActivation_ShouldHandleStateCorrectly" />
    </UnitTest>
    <UnitTest name="Planner_ListMultiple_ShouldWork" storage="/home/runner/work/git-forest/git-forest/tests/gitforest.infrastructure.distributed.integrationtests/bin/release/net10.0/gitforest.infrastructure.distributed.integrationtests.dll" id="945bf2e2-03cd-925c-ca28-63fb018743e8">
      <Execution id="4fda8951-9601-4e8e-90fe-930c9a2d81a6" />
      <TestMethod codeBase="/home/runner/work/git-forest/git-forest/tests/GitForest.Infrastructure.Distributed.IntegrationTests/bin/Release/net10.0/GitForest.Infrastructure.Distributed.IntegrationTests.dll" adapterTypeName="executor://nunit3testexecutor/" className="GitForest.Infrastructure.Distributed.IntegrationTests.OrleansRepositoryDevTests" name="Planner_ListMultiple_ShouldWork" />
    </UnitTest>
    <UnitTest name="Plan_AddAndRetrieve_ShouldWork" storage="/home/runner/work/git-forest/git-forest/tests/gitforest.infrastructure.distributed.integrationtests/bin/release/net10.0/gitforest.infrastructure.distributed.integrationtests.dll" id="922f6173-380f-221b-512d-e4a71011b52d">
      <Execution id="4da54b47-fc11-4861-ab4d-d20ffd914a7a" />
      <TestMethod codeBase="/home/runner/work/git-forest/git-forest/tests/GitForest.Infrastructure.Distributed.IntegrationTests/bin/Release/net10.0/GitForest.Infrastructure.Distributed.IntegrationTests.dll" adapterTypeName="executor://nunit3testexecutor/" className="GitForest.Infrastructure.Distributed.IntegrationTests.OrleansRepositoryDevTests" name="Plan_AddAndRetrieve_ShouldWork" />
    </UnitTest>
    <UnitTest name="Plant_AddUpdateDelete_ShouldWork" storage="/home/runner/work/git-forest/git-forest/tests/gitforest.infrastructure.distributed.integrationtests/bin/release/net10.0/gitforest.infrastructure.distributed.integrationtests.dll" id="f7deaea5-9cb9-f53d-403d-53f90e6c276f">
      <Execution id="1c1d2095-2cf5-4668-8906-0e01535119df" />
      <TestMethod codeBase="/home/runner/work/git-forest/git-forest/tests/GitForest.Infrastructure.Distributed.IntegrationTests/bin/Release/net10.0/GitForest.Infrastructure.Distributed.IntegrationTests.dll" adapterTypeName="executor://nunit3testexecutor/" className="GitForest.Infrastructure.Distributed.IntegrationTests.OrleansRepositoryDevTests" name="Plant_AddUpdateDelete_ShouldWork" />
    </UnitTest>
  </TestDefinitions>
  <TestEntries>
    <TestEntry testId="945bf2e2-03cd-925c-ca28-63fb018743e8" executionId="4fda8951-9601-4e8e-90fe-930c9a2d81a6" testListId="8c84fa94-04c1-424b-9868-57a2d4851a1d" />
    <TestEntry testId="f7deaea5-9cb9-f53d-403d-53f90e6c276f" executionId="1c1d2095-2cf5-4668-8906-0e01535119df" testListId="8c84fa94-04c1-424b-9868-57a2d4851a1d" />
    <TestEntry testId="9c1eacdf-dbc1-3677-e8e7-1f178547bfe5" executionId="99307523-61a7-4df8-bb32-5811772160b9" testListId="8c84fa94-04c1-424b-9868-57a2d4851a1d" />
    <TestEntry testId="ea6fc18f-96be-12ac-242d-a5a379adbf45" executionId="8d076730-9199-4534-9ae4-103cadd84fa6" testListId="8c84fa94-04c1-424b-9868-57a2d4851a1d" />
    <TestEntry testId="4003fda0-16a0-fe17-ea10-5aee93013016" executionId="ae107f11-7c84-48cf-a6c7-693e5ad2f9d7" testListId="8c84fa94-04c1-424b-9868-57a2d4851a1d" />
    <TestEntry testId="bef012d5-9962-7718-c8c0-2237a1f67e14" executionId="e67df8e6-994a-44a4-81e1-1597ed2122d6" testListId="8c84fa94-04c1-424b-9868-57a2d4851a1d" />
    <TestEntry testId="adad3679-291a-e939-998c-b6ce3312e4ea" executionId="093f679f-9739-4059-b790-c98720791cca" testListId="8c84fa94-04c1-424b-9868-57a2d4851a1d" />
    <TestEntry testId="922f6173-380f-221b-512d-e4a71011b52d" executionId="4da54b47-fc11-4861-ab4d-d20ffd914a7a" testListId="8c84fa94-04c1-424b-9868-57a2d4851a1d" />
  </TestEntries>
  <TestLists>
    <TestList name="Results Not in a List" id="8c84fa94-04c1-424b-9868-57a2d4851a1d" />
    <TestList name="All Loaded Results" id="19431567-8539-422a-85d7-44ee4e166bda" />
  </TestLists>
  <ResultSummary outcome="Completed">
    <Counters total="8" executed="0" passed="0" failed="0" error="0" timeout="0" aborted="0" inconclusive="0" passedButRunAborted="0" notRunnable="0" notExecuted="0" disconnected="0" warning="0" completed="0" inProgress="0" pending="0" />
    <Output>
      <StdOut>NUnit Adapter 6.0.0.0: Test execution started
Running all tests in /home/runner/work/git-forest/git-forest/tests/GitForest.Infrastructure.Distributed.IntegrationTests/bin/Release/net10.0/GitForest.Infrastructure.Distributed.IntegrationTests.dll
   NUnit3TestExecutor discovered 8 of 8 NUnit test cases using Current Discovery mode, Explicit run
Plan_AddAndRetrieve_ShouldWork: OneTimeSetUp: Orleans serialization configuration pending
Planner_ListMultiple_ShouldWork: OneTimeSetUp: Orleans serialization configuration pending
Plant_AddUpdateDelete_ShouldWork: OneTimeSetUp: Orleans serialization configuration pending
Planter_ConcurrentAdd_ShouldHandleGracefully: OneTimeSetUp: Orleans serialization configuration pending
GrainActivation_ShouldHandleStateCorrectly: OneTimeSetUp: Orleans serialization configuration pending
MultipleRepositories_ShouldWorkIndependently: OneTimeSetUp: Orleans serialization configuration pending
Plan_PersistAcrossOperations_ShouldMaintainState: OneTimeSetUp: Orleans serialization configuration pending
Plant_UpdateMultipleTimes_ShouldReflectLatestState: OneTimeSetUp: Orleans serialization configuration pending
NUnit Adapter 6.0.0.0: Test execution complete
</StdOut>
    </Output>
    <RunInfos>
      <RunInfo computerName="runnervm6qbrg" outcome="Warning" timestamp="2025-12-17T20:43:55.4927635+00:00">
        <Text>Data collection : Unable to find a datacollector with friendly name 'XPlat Code Coverage'.</Text>
      </RunInfo>
      <RunInfo computerName="runnervm6qbrg" outcome="Warning" timestamp="2025-12-17T20:43:55.4930560+00:00">
        <Text>Data collection : Could not find data collector 'XPlat Code Coverage'</Text>
      </RunInfo>
    </RunInfos>
  </ResultSummary>
</TestRun>